// Jest Snapshot v1, https://goo.gl/fbAQLP

exports[`<ToggleSwitch /> renders correctly 1`] = `
ShallowWrapper {
  Symbol(enzyme.__root__): [Circular],
  Symbol(enzyme.__unrendered__): <ToggleSwitch
    defaultChecked={false}
    id="test-togggle-switch"
    onChange={[Function]}
    selectColour="#ff5ca3"
    type="checkbox"
  />,
  Symbol(enzyme.__renderer__): Object {
    "batchedUpdates": [Function],
    "getNode": [Function],
    "render": [Function],
    "simulateError": [Function],
    "simulateEvent": [Function],
    "unmount": [Function],
  },
  Symbol(enzyme.__node__): Object {
    "instance": null,
    "key": undefined,
    "nodeType": "class",
    "props": Object {
      "children": Array [
        <SwitchInput
          defaultChecked={false}
          id="test-togggle-switch"
          onChange={[Function]}
          selectColour="#ff5ca3"
          type="checkbox"
        />,
        <SwitchSlider />,
        <SwitchText />,
      ],
      "htmlFor": "test-togggle-switch",
    },
    "ref": null,
    "rendered": Array [
      Object {
        "instance": null,
        "key": undefined,
        "nodeType": "class",
        "props": Object {
          "defaultChecked": false,
          "id": "test-togggle-switch",
          "name": undefined,
          "onChange": [Function],
          "selectColour": "#ff5ca3",
          "type": "checkbox",
        },
        "ref": null,
        "rendered": null,
        "type": [Function],
      },
      Object {
        "instance": null,
        "key": undefined,
        "nodeType": "class",
        "props": Object {},
        "ref": null,
        "rendered": null,
        "type": [Function],
      },
      Object {
        "instance": null,
        "key": undefined,
        "nodeType": "class",
        "props": Object {
          "children": undefined,
        },
        "ref": null,
        "rendered": null,
        "type": [Function],
      },
    ],
    "type": [Function],
  },
  Symbol(enzyme.__nodes__): Array [
    Object {
      "instance": null,
      "key": undefined,
      "nodeType": "class",
      "props": Object {
        "children": Array [
          <SwitchInput
            defaultChecked={false}
            id="test-togggle-switch"
            onChange={[Function]}
            selectColour="#ff5ca3"
            type="checkbox"
          />,
          <SwitchSlider />,
          <SwitchText />,
        ],
        "htmlFor": "test-togggle-switch",
      },
      "ref": null,
      "rendered": Array [
        Object {
          "instance": null,
          "key": undefined,
          "nodeType": "class",
          "props": Object {
            "defaultChecked": false,
            "id": "test-togggle-switch",
            "name": undefined,
            "onChange": [Function],
            "selectColour": "#ff5ca3",
            "type": "checkbox",
          },
          "ref": null,
          "rendered": null,
          "type": [Function],
        },
        Object {
          "instance": null,
          "key": undefined,
          "nodeType": "class",
          "props": Object {},
          "ref": null,
          "rendered": null,
          "type": [Function],
        },
        Object {
          "instance": null,
          "key": undefined,
          "nodeType": "class",
          "props": Object {
            "children": undefined,
          },
          "ref": null,
          "rendered": null,
          "type": [Function],
        },
      ],
      "type": [Function],
    },
  ],
  Symbol(enzyme.__options__): Object {
    "adapter": ReactSixteenAdapter {
      "options": Object {
        "enableComponentDidUpdateOnSetState": true,
        "lifecycles": Object {
          "componentDidUpdate": Object {
            "onSetState": true,
          },
          "getDerivedStateFromProps": true,
          "getSnapshotBeforeUpdate": true,
          "setState": Object {
            "skipsComponentDidUpdateOnNullish": true,
          },
        },
      },
    },
    "attachTo": undefined,
    "hydrateIn": undefined,
  },
}
`;
