// Jest Snapshot v1, https://goo.gl/fbAQLP

exports[`<SideBar /> renders correctly 1`] = `
ShallowWrapper {
  Symbol(enzyme.__root__): [Circular],
  Symbol(enzyme.__unrendered__): <SideBar
    active={true}
    disableLink={false}
  />,
  Symbol(enzyme.__renderer__): Object {
    "batchedUpdates": [Function],
    "getNode": [Function],
    "render": [Function],
    "simulateError": [Function],
    "simulateEvent": [Function],
    "unmount": [Function],
  },
  Symbol(enzyme.__node__): Object {
    "instance": null,
    "key": undefined,
    "nodeType": "class",
    "props": Object {
      "children": Array [
        <SideBarNav
          active={true}
        >
          <SideBarHeader>
            <Link
              href="/"
            >
              <a>
                <BrowserfulLogo
                  fontColour="#ffffff"
                  logoColour="#ff5ca3"
                  showText={true}
                />
              </a>
            </Link>
          </SideBarHeader>
        </SideBarNav>,
        <SideBarContent />,
      ],
    },
    "ref": null,
    "rendered": Array [
      Object {
        "instance": null,
        "key": undefined,
        "nodeType": "class",
        "props": Object {
          "active": true,
          "children": <SideBarHeader>
            <Link
              href="/"
            >
              <a>
                <BrowserfulLogo
                  fontColour="#ffffff"
                  logoColour="#ff5ca3"
                  showText={true}
                />
              </a>
            </Link>
          </SideBarHeader>,
        },
        "ref": null,
        "rendered": Object {
          "instance": null,
          "key": undefined,
          "nodeType": "class",
          "props": Object {
            "children": <Link
              href="/"
            >
              <a>
                <BrowserfulLogo
                  fontColour="#ffffff"
                  logoColour="#ff5ca3"
                  showText={true}
                />
              </a>
            </Link>,
          },
          "ref": null,
          "rendered": Object {
            "instance": null,
            "key": undefined,
            "nodeType": "class",
            "props": Object {
              "children": <a>
                <BrowserfulLogo
                  fontColour="#ffffff"
                  logoColour="#ff5ca3"
                  showText={true}
                />
              </a>,
              "href": "/",
            },
            "ref": null,
            "rendered": Object {
              "instance": null,
              "key": undefined,
              "nodeType": "host",
              "props": Object {
                "children": <BrowserfulLogo
                  fontColour="#ffffff"
                  logoColour="#ff5ca3"
                  showText={true}
                />,
              },
              "ref": null,
              "rendered": Object {
                "instance": null,
                "key": undefined,
                "nodeType": "function",
                "props": Object {
                  "fontColour": "#ffffff",
                  "logoColour": "#ff5ca3",
                  "showText": true,
                },
                "ref": null,
                "rendered": null,
                "type": [Function],
              },
              "type": "a",
            },
            "type": [Function],
          },
          "type": [Function],
        },
        "type": [Function],
      },
      Object {
        "instance": null,
        "key": undefined,
        "nodeType": "class",
        "props": Object {
          "children": undefined,
        },
        "ref": null,
        "rendered": null,
        "type": [Function],
      },
    ],
    "type": [Function],
  },
  Symbol(enzyme.__nodes__): Array [
    Object {
      "instance": null,
      "key": undefined,
      "nodeType": "class",
      "props": Object {
        "children": Array [
          <SideBarNav
            active={true}
          >
            <SideBarHeader>
              <Link
                href="/"
              >
                <a>
                  <BrowserfulLogo
                    fontColour="#ffffff"
                    logoColour="#ff5ca3"
                    showText={true}
                  />
                </a>
              </Link>
            </SideBarHeader>
          </SideBarNav>,
          <SideBarContent />,
        ],
      },
      "ref": null,
      "rendered": Array [
        Object {
          "instance": null,
          "key": undefined,
          "nodeType": "class",
          "props": Object {
            "active": true,
            "children": <SideBarHeader>
              <Link
                href="/"
              >
                <a>
                  <BrowserfulLogo
                    fontColour="#ffffff"
                    logoColour="#ff5ca3"
                    showText={true}
                  />
                </a>
              </Link>
            </SideBarHeader>,
          },
          "ref": null,
          "rendered": Object {
            "instance": null,
            "key": undefined,
            "nodeType": "class",
            "props": Object {
              "children": <Link
                href="/"
              >
                <a>
                  <BrowserfulLogo
                    fontColour="#ffffff"
                    logoColour="#ff5ca3"
                    showText={true}
                  />
                </a>
              </Link>,
            },
            "ref": null,
            "rendered": Object {
              "instance": null,
              "key": undefined,
              "nodeType": "class",
              "props": Object {
                "children": <a>
                  <BrowserfulLogo
                    fontColour="#ffffff"
                    logoColour="#ff5ca3"
                    showText={true}
                  />
                </a>,
                "href": "/",
              },
              "ref": null,
              "rendered": Object {
                "instance": null,
                "key": undefined,
                "nodeType": "host",
                "props": Object {
                  "children": <BrowserfulLogo
                    fontColour="#ffffff"
                    logoColour="#ff5ca3"
                    showText={true}
                  />,
                },
                "ref": null,
                "rendered": Object {
                  "instance": null,
                  "key": undefined,
                  "nodeType": "function",
                  "props": Object {
                    "fontColour": "#ffffff",
                    "logoColour": "#ff5ca3",
                    "showText": true,
                  },
                  "ref": null,
                  "rendered": null,
                  "type": [Function],
                },
                "type": "a",
              },
              "type": [Function],
            },
            "type": [Function],
          },
          "type": [Function],
        },
        Object {
          "instance": null,
          "key": undefined,
          "nodeType": "class",
          "props": Object {
            "children": undefined,
          },
          "ref": null,
          "rendered": null,
          "type": [Function],
        },
      ],
      "type": [Function],
    },
  ],
  Symbol(enzyme.__options__): Object {
    "adapter": ReactSixteenAdapter {
      "options": Object {
        "enableComponentDidUpdateOnSetState": true,
        "lifecycles": Object {
          "componentDidUpdate": Object {
            "onSetState": true,
          },
          "getDerivedStateFromProps": true,
          "getSnapshotBeforeUpdate": true,
          "setState": Object {
            "skipsComponentDidUpdateOnNullish": true,
          },
        },
      },
    },
    "attachTo": undefined,
    "hydrateIn": undefined,
  },
}
`;
