// Jest Snapshot v1, https://goo.gl/fbAQLP

exports[`<VersionGrid /> renders correctly 1`] = `
ShallowWrapper {
  Symbol(enzyme.__root__): [Circular],
  Symbol(enzyme.__unrendered__): <VersionGrid
    data={
      Object {
        "defaultChecked": true,
        "friendlyName": "Firefox",
        "logo": "firefox",
        "name": "firefox",
        "platform": "desktop",
        "versions": Array [
          Object {
            "defaultChecked": false,
            "id": "63",
            "isIncluded": true,
          },
          Object {
            "defaultChecked": false,
            "id": "62",
            "isIncluded": true,
          },
          Object {
            "defaultChecked": false,
            "id": "61",
            "isIncluded": true,
          },
          Object {
            "defaultChecked": false,
            "id": "60",
            "isIncluded": true,
          },
          Object {
            "defaultChecked": false,
            "id": "59",
            "isIncluded": true,
          },
          Object {
            "defaultChecked": false,
            "id": "58",
            "isIncluded": true,
          },
          Object {
            "defaultChecked": false,
            "id": "57",
            "isIncluded": true,
          },
          Object {
            "defaultChecked": false,
            "id": "56",
            "isIncluded": true,
          },
          Object {
            "defaultChecked": false,
            "id": "55",
            "isIncluded": true,
          },
          Object {
            "defaultChecked": false,
            "id": "54",
            "isIncluded": true,
          },
          Object {
            "defaultChecked": false,
            "id": "53",
            "isIncluded": true,
          },
          Object {
            "defaultChecked": false,
            "id": "52",
            "isIncluded": true,
          },
          Object {
            "defaultChecked": false,
            "id": "51",
            "isIncluded": true,
          },
          Object {
            "defaultChecked": false,
            "id": "50",
            "isIncluded": true,
          },
          Object {
            "defaultChecked": false,
            "id": "49",
            "isIncluded": true,
          },
          Object {
            "defaultChecked": false,
            "id": "48",
            "isIncluded": true,
          },
          Object {
            "defaultChecked": false,
            "id": "47",
            "isIncluded": true,
          },
          Object {
            "defaultChecked": false,
            "id": "46",
            "isIncluded": true,
          },
          Object {
            "defaultChecked": false,
            "id": "45",
            "isIncluded": true,
          },
          Object {
            "defaultChecked": false,
            "id": "44",
            "isIncluded": true,
          },
          Object {
            "defaultChecked": false,
            "id": "43",
            "isIncluded": true,
          },
          Object {
            "defaultChecked": false,
            "id": "42",
            "isIncluded": true,
          },
          Object {
            "defaultChecked": false,
            "id": "41",
            "isIncluded": true,
          },
          Object {
            "defaultChecked": false,
            "id": "40",
            "isIncluded": true,
          },
          Object {
            "defaultChecked": false,
            "id": "39",
            "isIncluded": true,
          },
          Object {
            "defaultChecked": false,
            "id": "38",
            "isIncluded": true,
          },
          Object {
            "defaultChecked": false,
            "id": "37",
            "isIncluded": true,
          },
          Object {
            "defaultChecked": false,
            "id": "36",
            "isIncluded": true,
          },
          Object {
            "defaultChecked": false,
            "id": "35",
            "isIncluded": true,
          },
          Object {
            "defaultChecked": false,
            "id": "34",
            "isIncluded": true,
          },
          Object {
            "defaultChecked": false,
            "id": "33",
            "isIncluded": true,
          },
          Object {
            "defaultChecked": false,
            "id": "32",
            "isIncluded": true,
          },
          Object {
            "defaultChecked": false,
            "id": "31",
            "isIncluded": true,
          },
          Object {
            "defaultChecked": false,
            "id": "30",
            "isIncluded": true,
          },
          Object {
            "defaultChecked": false,
            "id": "29",
            "isIncluded": true,
          },
          Object {
            "defaultChecked": false,
            "id": "28",
            "isIncluded": true,
          },
          Object {
            "defaultChecked": false,
            "id": "27",
            "isIncluded": true,
          },
          Object {
            "defaultChecked": false,
            "id": "26",
            "isIncluded": true,
          },
          Object {
            "defaultChecked": false,
            "id": "25",
            "isIncluded": true,
          },
          Object {
            "defaultChecked": false,
            "id": "24",
            "isIncluded": true,
          },
          Object {
            "defaultChecked": false,
            "id": "23",
            "isIncluded": true,
          },
          Object {
            "defaultChecked": false,
            "id": "22",
            "isIncluded": true,
          },
          Object {
            "defaultChecked": false,
            "id": "21",
            "isIncluded": true,
          },
          Object {
            "defaultChecked": false,
            "id": "20",
            "isIncluded": true,
          },
          Object {
            "defaultChecked": false,
            "id": "19",
            "isIncluded": true,
          },
          Object {
            "defaultChecked": false,
            "id": "18",
            "isIncluded": true,
          },
          Object {
            "defaultChecked": false,
            "id": "17",
            "isIncluded": true,
          },
          Object {
            "defaultChecked": false,
            "id": "16",
            "isIncluded": true,
          },
          Object {
            "defaultChecked": false,
            "id": "15",
            "isIncluded": true,
          },
          Object {
            "defaultChecked": false,
            "id": "14",
            "isIncluded": true,
          },
          Object {
            "defaultChecked": false,
            "id": "13",
            "isIncluded": true,
          },
          Object {
            "defaultChecked": false,
            "id": "12",
            "isIncluded": true,
          },
          Object {
            "defaultChecked": false,
            "id": "11",
            "isIncluded": true,
          },
          Object {
            "defaultChecked": false,
            "id": "10",
            "isIncluded": true,
          },
          Object {
            "defaultChecked": false,
            "id": "9",
            "isIncluded": true,
          },
          Object {
            "defaultChecked": false,
            "id": "8",
            "isIncluded": true,
          },
          Object {
            "defaultChecked": false,
            "id": "7",
            "isIncluded": true,
          },
          Object {
            "defaultChecked": false,
            "id": "6",
            "isIncluded": true,
          },
          Object {
            "defaultChecked": false,
            "id": "5",
            "isIncluded": true,
          },
          Object {
            "defaultChecked": false,
            "id": "4",
            "isIncluded": true,
          },
          Object {
            "defaultChecked": false,
            "id": "3.6",
            "isIncluded": true,
          },
          Object {
            "defaultChecked": false,
            "id": "3.5",
            "isIncluded": true,
          },
          Object {
            "defaultChecked": false,
            "id": "3",
            "isIncluded": true,
          },
          Object {
            "defaultChecked": false,
            "id": "2",
            "isIncluded": true,
          },
        ],
      }
    }
    onClick={[Function]}
  />,
  Symbol(enzyme.__renderer__): Object {
    "batchedUpdates": [Function],
    "getNode": [Function],
    "render": [Function],
    "simulateError": [Function],
    "simulateEvent": [Function],
    "unmount": [Function],
  },
  Symbol(enzyme.__node__): Object {
    "instance": null,
    "key": undefined,
    "nodeType": "class",
    "props": Object {
      "children": Array [
        <VersionChip
          browser="firefox-63"
          defaultChecked={false}
          isIncluded={true}
          onChange={[Function]}
          version={63}
        />,
        <VersionChip
          browser="firefox-62"
          defaultChecked={false}
          isIncluded={true}
          onChange={[Function]}
          version={62}
        />,
        <VersionChip
          browser="firefox-61"
          defaultChecked={false}
          isIncluded={true}
          onChange={[Function]}
          version={61}
        />,
        <VersionChip
          browser="firefox-60"
          defaultChecked={false}
          isIncluded={true}
          onChange={[Function]}
          version={60}
        />,
        <VersionChip
          browser="firefox-59"
          defaultChecked={false}
          isIncluded={true}
          onChange={[Function]}
          version={59}
        />,
        <VersionChip
          browser="firefox-58"
          defaultChecked={false}
          isIncluded={true}
          onChange={[Function]}
          version={58}
        />,
        <VersionChip
          browser="firefox-57"
          defaultChecked={false}
          isIncluded={true}
          onChange={[Function]}
          version={57}
        />,
        <VersionChip
          browser="firefox-56"
          defaultChecked={false}
          isIncluded={true}
          onChange={[Function]}
          version={56}
        />,
        <VersionChip
          browser="firefox-55"
          defaultChecked={false}
          isIncluded={true}
          onChange={[Function]}
          version={55}
        />,
        <VersionChip
          browser="firefox-54"
          defaultChecked={false}
          isIncluded={true}
          onChange={[Function]}
          version={54}
        />,
        <VersionChip
          browser="firefox-53"
          defaultChecked={false}
          isIncluded={true}
          onChange={[Function]}
          version={53}
        />,
        <VersionChip
          browser="firefox-52"
          defaultChecked={false}
          isIncluded={true}
          onChange={[Function]}
          version={52}
        />,
        <VersionChip
          browser="firefox-51"
          defaultChecked={false}
          isIncluded={true}
          onChange={[Function]}
          version={51}
        />,
        <VersionChip
          browser="firefox-50"
          defaultChecked={false}
          isIncluded={true}
          onChange={[Function]}
          version={50}
        />,
        <VersionChip
          browser="firefox-49"
          defaultChecked={false}
          isIncluded={true}
          onChange={[Function]}
          version={49}
        />,
        <VersionChip
          browser="firefox-48"
          defaultChecked={false}
          isIncluded={true}
          onChange={[Function]}
          version={48}
        />,
        <VersionChip
          browser="firefox-47"
          defaultChecked={false}
          isIncluded={true}
          onChange={[Function]}
          version={47}
        />,
        <VersionChip
          browser="firefox-46"
          defaultChecked={false}
          isIncluded={true}
          onChange={[Function]}
          version={46}
        />,
        <VersionChip
          browser="firefox-45"
          defaultChecked={false}
          isIncluded={true}
          onChange={[Function]}
          version={45}
        />,
        <VersionChip
          browser="firefox-44"
          defaultChecked={false}
          isIncluded={true}
          onChange={[Function]}
          version={44}
        />,
        <VersionChip
          browser="firefox-43"
          defaultChecked={false}
          isIncluded={true}
          onChange={[Function]}
          version={43}
        />,
        <VersionChip
          browser="firefox-42"
          defaultChecked={false}
          isIncluded={true}
          onChange={[Function]}
          version={42}
        />,
        <VersionChip
          browser="firefox-41"
          defaultChecked={false}
          isIncluded={true}
          onChange={[Function]}
          version={41}
        />,
        <VersionChip
          browser="firefox-40"
          defaultChecked={false}
          isIncluded={true}
          onChange={[Function]}
          version={40}
        />,
        <VersionChip
          browser="firefox-39"
          defaultChecked={false}
          isIncluded={true}
          onChange={[Function]}
          version={39}
        />,
        <VersionChip
          browser="firefox-38"
          defaultChecked={false}
          isIncluded={true}
          onChange={[Function]}
          version={38}
        />,
        <VersionChip
          browser="firefox-37"
          defaultChecked={false}
          isIncluded={true}
          onChange={[Function]}
          version={37}
        />,
        <VersionChip
          browser="firefox-36"
          defaultChecked={false}
          isIncluded={true}
          onChange={[Function]}
          version={36}
        />,
        <VersionChip
          browser="firefox-35"
          defaultChecked={false}
          isIncluded={true}
          onChange={[Function]}
          version={35}
        />,
        <VersionChip
          browser="firefox-34"
          defaultChecked={false}
          isIncluded={true}
          onChange={[Function]}
          version={34}
        />,
        <VersionChip
          browser="firefox-33"
          defaultChecked={false}
          isIncluded={true}
          onChange={[Function]}
          version={33}
        />,
        <VersionChip
          browser="firefox-32"
          defaultChecked={false}
          isIncluded={true}
          onChange={[Function]}
          version={32}
        />,
        <VersionChip
          browser="firefox-31"
          defaultChecked={false}
          isIncluded={true}
          onChange={[Function]}
          version={31}
        />,
        <VersionChip
          browser="firefox-30"
          defaultChecked={false}
          isIncluded={true}
          onChange={[Function]}
          version={30}
        />,
        <VersionChip
          browser="firefox-29"
          defaultChecked={false}
          isIncluded={true}
          onChange={[Function]}
          version={29}
        />,
        <VersionChip
          browser="firefox-28"
          defaultChecked={false}
          isIncluded={true}
          onChange={[Function]}
          version={28}
        />,
        <VersionChip
          browser="firefox-27"
          defaultChecked={false}
          isIncluded={true}
          onChange={[Function]}
          version={27}
        />,
        <VersionChip
          browser="firefox-26"
          defaultChecked={false}
          isIncluded={true}
          onChange={[Function]}
          version={26}
        />,
        <VersionChip
          browser="firefox-25"
          defaultChecked={false}
          isIncluded={true}
          onChange={[Function]}
          version={25}
        />,
        <VersionChip
          browser="firefox-24"
          defaultChecked={false}
          isIncluded={true}
          onChange={[Function]}
          version={24}
        />,
        <VersionChip
          browser="firefox-23"
          defaultChecked={false}
          isIncluded={true}
          onChange={[Function]}
          version={23}
        />,
        <VersionChip
          browser="firefox-22"
          defaultChecked={false}
          isIncluded={true}
          onChange={[Function]}
          version={22}
        />,
        <VersionChip
          browser="firefox-21"
          defaultChecked={false}
          isIncluded={true}
          onChange={[Function]}
          version={21}
        />,
        <VersionChip
          browser="firefox-20"
          defaultChecked={false}
          isIncluded={true}
          onChange={[Function]}
          version={20}
        />,
        <VersionChip
          browser="firefox-19"
          defaultChecked={false}
          isIncluded={true}
          onChange={[Function]}
          version={19}
        />,
        <VersionChip
          browser="firefox-18"
          defaultChecked={false}
          isIncluded={true}
          onChange={[Function]}
          version={18}
        />,
        <VersionChip
          browser="firefox-17"
          defaultChecked={false}
          isIncluded={true}
          onChange={[Function]}
          version={17}
        />,
        <VersionChip
          browser="firefox-16"
          defaultChecked={false}
          isIncluded={true}
          onChange={[Function]}
          version={16}
        />,
        <VersionChip
          browser="firefox-15"
          defaultChecked={false}
          isIncluded={true}
          onChange={[Function]}
          version={15}
        />,
        <VersionChip
          browser="firefox-14"
          defaultChecked={false}
          isIncluded={true}
          onChange={[Function]}
          version={14}
        />,
        <VersionChip
          browser="firefox-13"
          defaultChecked={false}
          isIncluded={true}
          onChange={[Function]}
          version={13}
        />,
        <VersionChip
          browser="firefox-12"
          defaultChecked={false}
          isIncluded={true}
          onChange={[Function]}
          version={12}
        />,
        <VersionChip
          browser="firefox-11"
          defaultChecked={false}
          isIncluded={true}
          onChange={[Function]}
          version={11}
        />,
        <VersionChip
          browser="firefox-10"
          defaultChecked={false}
          isIncluded={true}
          onChange={[Function]}
          version={10}
        />,
        <VersionChip
          browser="firefox-9"
          defaultChecked={false}
          isIncluded={true}
          onChange={[Function]}
          version={9}
        />,
        <VersionChip
          browser="firefox-8"
          defaultChecked={false}
          isIncluded={true}
          onChange={[Function]}
          version={8}
        />,
        <VersionChip
          browser="firefox-7"
          defaultChecked={false}
          isIncluded={true}
          onChange={[Function]}
          version={7}
        />,
        <VersionChip
          browser="firefox-6"
          defaultChecked={false}
          isIncluded={true}
          onChange={[Function]}
          version={6}
        />,
        <VersionChip
          browser="firefox-5"
          defaultChecked={false}
          isIncluded={true}
          onChange={[Function]}
          version={5}
        />,
        <VersionChip
          browser="firefox-4"
          defaultChecked={false}
          isIncluded={true}
          onChange={[Function]}
          version={4}
        />,
        <VersionChip
          browser="firefox-3.6"
          defaultChecked={false}
          isIncluded={true}
          onChange={[Function]}
          version={3}
        />,
        <VersionChip
          browser="firefox-3.5"
          defaultChecked={false}
          isIncluded={true}
          onChange={[Function]}
          version={3}
        />,
        <VersionChip
          browser="firefox-3"
          defaultChecked={false}
          isIncluded={true}
          onChange={[Function]}
          version={3}
        />,
        <VersionChip
          browser="firefox-2"
          defaultChecked={false}
          isIncluded={true}
          onChange={[Function]}
          version={2}
        />,
      ],
    },
    "ref": null,
    "rendered": Array [
      Object {
        "instance": null,
        "key": "0",
        "nodeType": "function",
        "props": Object {
          "browser": "firefox-63",
          "defaultChecked": false,
          "isIncluded": true,
          "onChange": [Function],
          "version": 63,
        },
        "ref": null,
        "rendered": null,
        "type": [Function],
      },
      Object {
        "instance": null,
        "key": "1",
        "nodeType": "function",
        "props": Object {
          "browser": "firefox-62",
          "defaultChecked": false,
          "isIncluded": true,
          "onChange": [Function],
          "version": 62,
        },
        "ref": null,
        "rendered": null,
        "type": [Function],
      },
      Object {
        "instance": null,
        "key": "2",
        "nodeType": "function",
        "props": Object {
          "browser": "firefox-61",
          "defaultChecked": false,
          "isIncluded": true,
          "onChange": [Function],
          "version": 61,
        },
        "ref": null,
        "rendered": null,
        "type": [Function],
      },
      Object {
        "instance": null,
        "key": "3",
        "nodeType": "function",
        "props": Object {
          "browser": "firefox-60",
          "defaultChecked": false,
          "isIncluded": true,
          "onChange": [Function],
          "version": 60,
        },
        "ref": null,
        "rendered": null,
        "type": [Function],
      },
      Object {
        "instance": null,
        "key": "4",
        "nodeType": "function",
        "props": Object {
          "browser": "firefox-59",
          "defaultChecked": false,
          "isIncluded": true,
          "onChange": [Function],
          "version": 59,
        },
        "ref": null,
        "rendered": null,
        "type": [Function],
      },
      Object {
        "instance": null,
        "key": "5",
        "nodeType": "function",
        "props": Object {
          "browser": "firefox-58",
          "defaultChecked": false,
          "isIncluded": true,
          "onChange": [Function],
          "version": 58,
        },
        "ref": null,
        "rendered": null,
        "type": [Function],
      },
      Object {
        "instance": null,
        "key": "6",
        "nodeType": "function",
        "props": Object {
          "browser": "firefox-57",
          "defaultChecked": false,
          "isIncluded": true,
          "onChange": [Function],
          "version": 57,
        },
        "ref": null,
        "rendered": null,
        "type": [Function],
      },
      Object {
        "instance": null,
        "key": "7",
        "nodeType": "function",
        "props": Object {
          "browser": "firefox-56",
          "defaultChecked": false,
          "isIncluded": true,
          "onChange": [Function],
          "version": 56,
        },
        "ref": null,
        "rendered": null,
        "type": [Function],
      },
      Object {
        "instance": null,
        "key": "8",
        "nodeType": "function",
        "props": Object {
          "browser": "firefox-55",
          "defaultChecked": false,
          "isIncluded": true,
          "onChange": [Function],
          "version": 55,
        },
        "ref": null,
        "rendered": null,
        "type": [Function],
      },
      Object {
        "instance": null,
        "key": "9",
        "nodeType": "function",
        "props": Object {
          "browser": "firefox-54",
          "defaultChecked": false,
          "isIncluded": true,
          "onChange": [Function],
          "version": 54,
        },
        "ref": null,
        "rendered": null,
        "type": [Function],
      },
      Object {
        "instance": null,
        "key": "10",
        "nodeType": "function",
        "props": Object {
          "browser": "firefox-53",
          "defaultChecked": false,
          "isIncluded": true,
          "onChange": [Function],
          "version": 53,
        },
        "ref": null,
        "rendered": null,
        "type": [Function],
      },
      Object {
        "instance": null,
        "key": "11",
        "nodeType": "function",
        "props": Object {
          "browser": "firefox-52",
          "defaultChecked": false,
          "isIncluded": true,
          "onChange": [Function],
          "version": 52,
        },
        "ref": null,
        "rendered": null,
        "type": [Function],
      },
      Object {
        "instance": null,
        "key": "12",
        "nodeType": "function",
        "props": Object {
          "browser": "firefox-51",
          "defaultChecked": false,
          "isIncluded": true,
          "onChange": [Function],
          "version": 51,
        },
        "ref": null,
        "rendered": null,
        "type": [Function],
      },
      Object {
        "instance": null,
        "key": "13",
        "nodeType": "function",
        "props": Object {
          "browser": "firefox-50",
          "defaultChecked": false,
          "isIncluded": true,
          "onChange": [Function],
          "version": 50,
        },
        "ref": null,
        "rendered": null,
        "type": [Function],
      },
      Object {
        "instance": null,
        "key": "14",
        "nodeType": "function",
        "props": Object {
          "browser": "firefox-49",
          "defaultChecked": false,
          "isIncluded": true,
          "onChange": [Function],
          "version": 49,
        },
        "ref": null,
        "rendered": null,
        "type": [Function],
      },
      Object {
        "instance": null,
        "key": "15",
        "nodeType": "function",
        "props": Object {
          "browser": "firefox-48",
          "defaultChecked": false,
          "isIncluded": true,
          "onChange": [Function],
          "version": 48,
        },
        "ref": null,
        "rendered": null,
        "type": [Function],
      },
      Object {
        "instance": null,
        "key": "16",
        "nodeType": "function",
        "props": Object {
          "browser": "firefox-47",
          "defaultChecked": false,
          "isIncluded": true,
          "onChange": [Function],
          "version": 47,
        },
        "ref": null,
        "rendered": null,
        "type": [Function],
      },
      Object {
        "instance": null,
        "key": "17",
        "nodeType": "function",
        "props": Object {
          "browser": "firefox-46",
          "defaultChecked": false,
          "isIncluded": true,
          "onChange": [Function],
          "version": 46,
        },
        "ref": null,
        "rendered": null,
        "type": [Function],
      },
      Object {
        "instance": null,
        "key": "18",
        "nodeType": "function",
        "props": Object {
          "browser": "firefox-45",
          "defaultChecked": false,
          "isIncluded": true,
          "onChange": [Function],
          "version": 45,
        },
        "ref": null,
        "rendered": null,
        "type": [Function],
      },
      Object {
        "instance": null,
        "key": "19",
        "nodeType": "function",
        "props": Object {
          "browser": "firefox-44",
          "defaultChecked": false,
          "isIncluded": true,
          "onChange": [Function],
          "version": 44,
        },
        "ref": null,
        "rendered": null,
        "type": [Function],
      },
      Object {
        "instance": null,
        "key": "20",
        "nodeType": "function",
        "props": Object {
          "browser": "firefox-43",
          "defaultChecked": false,
          "isIncluded": true,
          "onChange": [Function],
          "version": 43,
        },
        "ref": null,
        "rendered": null,
        "type": [Function],
      },
      Object {
        "instance": null,
        "key": "21",
        "nodeType": "function",
        "props": Object {
          "browser": "firefox-42",
          "defaultChecked": false,
          "isIncluded": true,
          "onChange": [Function],
          "version": 42,
        },
        "ref": null,
        "rendered": null,
        "type": [Function],
      },
      Object {
        "instance": null,
        "key": "22",
        "nodeType": "function",
        "props": Object {
          "browser": "firefox-41",
          "defaultChecked": false,
          "isIncluded": true,
          "onChange": [Function],
          "version": 41,
        },
        "ref": null,
        "rendered": null,
        "type": [Function],
      },
      Object {
        "instance": null,
        "key": "23",
        "nodeType": "function",
        "props": Object {
          "browser": "firefox-40",
          "defaultChecked": false,
          "isIncluded": true,
          "onChange": [Function],
          "version": 40,
        },
        "ref": null,
        "rendered": null,
        "type": [Function],
      },
      Object {
        "instance": null,
        "key": "24",
        "nodeType": "function",
        "props": Object {
          "browser": "firefox-39",
          "defaultChecked": false,
          "isIncluded": true,
          "onChange": [Function],
          "version": 39,
        },
        "ref": null,
        "rendered": null,
        "type": [Function],
      },
      Object {
        "instance": null,
        "key": "25",
        "nodeType": "function",
        "props": Object {
          "browser": "firefox-38",
          "defaultChecked": false,
          "isIncluded": true,
          "onChange": [Function],
          "version": 38,
        },
        "ref": null,
        "rendered": null,
        "type": [Function],
      },
      Object {
        "instance": null,
        "key": "26",
        "nodeType": "function",
        "props": Object {
          "browser": "firefox-37",
          "defaultChecked": false,
          "isIncluded": true,
          "onChange": [Function],
          "version": 37,
        },
        "ref": null,
        "rendered": null,
        "type": [Function],
      },
      Object {
        "instance": null,
        "key": "27",
        "nodeType": "function",
        "props": Object {
          "browser": "firefox-36",
          "defaultChecked": false,
          "isIncluded": true,
          "onChange": [Function],
          "version": 36,
        },
        "ref": null,
        "rendered": null,
        "type": [Function],
      },
      Object {
        "instance": null,
        "key": "28",
        "nodeType": "function",
        "props": Object {
          "browser": "firefox-35",
          "defaultChecked": false,
          "isIncluded": true,
          "onChange": [Function],
          "version": 35,
        },
        "ref": null,
        "rendered": null,
        "type": [Function],
      },
      Object {
        "instance": null,
        "key": "29",
        "nodeType": "function",
        "props": Object {
          "browser": "firefox-34",
          "defaultChecked": false,
          "isIncluded": true,
          "onChange": [Function],
          "version": 34,
        },
        "ref": null,
        "rendered": null,
        "type": [Function],
      },
      Object {
        "instance": null,
        "key": "30",
        "nodeType": "function",
        "props": Object {
          "browser": "firefox-33",
          "defaultChecked": false,
          "isIncluded": true,
          "onChange": [Function],
          "version": 33,
        },
        "ref": null,
        "rendered": null,
        "type": [Function],
      },
      Object {
        "instance": null,
        "key": "31",
        "nodeType": "function",
        "props": Object {
          "browser": "firefox-32",
          "defaultChecked": false,
          "isIncluded": true,
          "onChange": [Function],
          "version": 32,
        },
        "ref": null,
        "rendered": null,
        "type": [Function],
      },
      Object {
        "instance": null,
        "key": "32",
        "nodeType": "function",
        "props": Object {
          "browser": "firefox-31",
          "defaultChecked": false,
          "isIncluded": true,
          "onChange": [Function],
          "version": 31,
        },
        "ref": null,
        "rendered": null,
        "type": [Function],
      },
      Object {
        "instance": null,
        "key": "33",
        "nodeType": "function",
        "props": Object {
          "browser": "firefox-30",
          "defaultChecked": false,
          "isIncluded": true,
          "onChange": [Function],
          "version": 30,
        },
        "ref": null,
        "rendered": null,
        "type": [Function],
      },
      Object {
        "instance": null,
        "key": "34",
        "nodeType": "function",
        "props": Object {
          "browser": "firefox-29",
          "defaultChecked": false,
          "isIncluded": true,
          "onChange": [Function],
          "version": 29,
        },
        "ref": null,
        "rendered": null,
        "type": [Function],
      },
      Object {
        "instance": null,
        "key": "35",
        "nodeType": "function",
        "props": Object {
          "browser": "firefox-28",
          "defaultChecked": false,
          "isIncluded": true,
          "onChange": [Function],
          "version": 28,
        },
        "ref": null,
        "rendered": null,
        "type": [Function],
      },
      Object {
        "instance": null,
        "key": "36",
        "nodeType": "function",
        "props": Object {
          "browser": "firefox-27",
          "defaultChecked": false,
          "isIncluded": true,
          "onChange": [Function],
          "version": 27,
        },
        "ref": null,
        "rendered": null,
        "type": [Function],
      },
      Object {
        "instance": null,
        "key": "37",
        "nodeType": "function",
        "props": Object {
          "browser": "firefox-26",
          "defaultChecked": false,
          "isIncluded": true,
          "onChange": [Function],
          "version": 26,
        },
        "ref": null,
        "rendered": null,
        "type": [Function],
      },
      Object {
        "instance": null,
        "key": "38",
        "nodeType": "function",
        "props": Object {
          "browser": "firefox-25",
          "defaultChecked": false,
          "isIncluded": true,
          "onChange": [Function],
          "version": 25,
        },
        "ref": null,
        "rendered": null,
        "type": [Function],
      },
      Object {
        "instance": null,
        "key": "39",
        "nodeType": "function",
        "props": Object {
          "browser": "firefox-24",
          "defaultChecked": false,
          "isIncluded": true,
          "onChange": [Function],
          "version": 24,
        },
        "ref": null,
        "rendered": null,
        "type": [Function],
      },
      Object {
        "instance": null,
        "key": "40",
        "nodeType": "function",
        "props": Object {
          "browser": "firefox-23",
          "defaultChecked": false,
          "isIncluded": true,
          "onChange": [Function],
          "version": 23,
        },
        "ref": null,
        "rendered": null,
        "type": [Function],
      },
      Object {
        "instance": null,
        "key": "41",
        "nodeType": "function",
        "props": Object {
          "browser": "firefox-22",
          "defaultChecked": false,
          "isIncluded": true,
          "onChange": [Function],
          "version": 22,
        },
        "ref": null,
        "rendered": null,
        "type": [Function],
      },
      Object {
        "instance": null,
        "key": "42",
        "nodeType": "function",
        "props": Object {
          "browser": "firefox-21",
          "defaultChecked": false,
          "isIncluded": true,
          "onChange": [Function],
          "version": 21,
        },
        "ref": null,
        "rendered": null,
        "type": [Function],
      },
      Object {
        "instance": null,
        "key": "43",
        "nodeType": "function",
        "props": Object {
          "browser": "firefox-20",
          "defaultChecked": false,
          "isIncluded": true,
          "onChange": [Function],
          "version": 20,
        },
        "ref": null,
        "rendered": null,
        "type": [Function],
      },
      Object {
        "instance": null,
        "key": "44",
        "nodeType": "function",
        "props": Object {
          "browser": "firefox-19",
          "defaultChecked": false,
          "isIncluded": true,
          "onChange": [Function],
          "version": 19,
        },
        "ref": null,
        "rendered": null,
        "type": [Function],
      },
      Object {
        "instance": null,
        "key": "45",
        "nodeType": "function",
        "props": Object {
          "browser": "firefox-18",
          "defaultChecked": false,
          "isIncluded": true,
          "onChange": [Function],
          "version": 18,
        },
        "ref": null,
        "rendered": null,
        "type": [Function],
      },
      Object {
        "instance": null,
        "key": "46",
        "nodeType": "function",
        "props": Object {
          "browser": "firefox-17",
          "defaultChecked": false,
          "isIncluded": true,
          "onChange": [Function],
          "version": 17,
        },
        "ref": null,
        "rendered": null,
        "type": [Function],
      },
      Object {
        "instance": null,
        "key": "47",
        "nodeType": "function",
        "props": Object {
          "browser": "firefox-16",
          "defaultChecked": false,
          "isIncluded": true,
          "onChange": [Function],
          "version": 16,
        },
        "ref": null,
        "rendered": null,
        "type": [Function],
      },
      Object {
        "instance": null,
        "key": "48",
        "nodeType": "function",
        "props": Object {
          "browser": "firefox-15",
          "defaultChecked": false,
          "isIncluded": true,
          "onChange": [Function],
          "version": 15,
        },
        "ref": null,
        "rendered": null,
        "type": [Function],
      },
      Object {
        "instance": null,
        "key": "49",
        "nodeType": "function",
        "props": Object {
          "browser": "firefox-14",
          "defaultChecked": false,
          "isIncluded": true,
          "onChange": [Function],
          "version": 14,
        },
        "ref": null,
        "rendered": null,
        "type": [Function],
      },
      Object {
        "instance": null,
        "key": "50",
        "nodeType": "function",
        "props": Object {
          "browser": "firefox-13",
          "defaultChecked": false,
          "isIncluded": true,
          "onChange": [Function],
          "version": 13,
        },
        "ref": null,
        "rendered": null,
        "type": [Function],
      },
      Object {
        "instance": null,
        "key": "51",
        "nodeType": "function",
        "props": Object {
          "browser": "firefox-12",
          "defaultChecked": false,
          "isIncluded": true,
          "onChange": [Function],
          "version": 12,
        },
        "ref": null,
        "rendered": null,
        "type": [Function],
      },
      Object {
        "instance": null,
        "key": "52",
        "nodeType": "function",
        "props": Object {
          "browser": "firefox-11",
          "defaultChecked": false,
          "isIncluded": true,
          "onChange": [Function],
          "version": 11,
        },
        "ref": null,
        "rendered": null,
        "type": [Function],
      },
      Object {
        "instance": null,
        "key": "53",
        "nodeType": "function",
        "props": Object {
          "browser": "firefox-10",
          "defaultChecked": false,
          "isIncluded": true,
          "onChange": [Function],
          "version": 10,
        },
        "ref": null,
        "rendered": null,
        "type": [Function],
      },
      Object {
        "instance": null,
        "key": "54",
        "nodeType": "function",
        "props": Object {
          "browser": "firefox-9",
          "defaultChecked": false,
          "isIncluded": true,
          "onChange": [Function],
          "version": 9,
        },
        "ref": null,
        "rendered": null,
        "type": [Function],
      },
      Object {
        "instance": null,
        "key": "55",
        "nodeType": "function",
        "props": Object {
          "browser": "firefox-8",
          "defaultChecked": false,
          "isIncluded": true,
          "onChange": [Function],
          "version": 8,
        },
        "ref": null,
        "rendered": null,
        "type": [Function],
      },
      Object {
        "instance": null,
        "key": "56",
        "nodeType": "function",
        "props": Object {
          "browser": "firefox-7",
          "defaultChecked": false,
          "isIncluded": true,
          "onChange": [Function],
          "version": 7,
        },
        "ref": null,
        "rendered": null,
        "type": [Function],
      },
      Object {
        "instance": null,
        "key": "57",
        "nodeType": "function",
        "props": Object {
          "browser": "firefox-6",
          "defaultChecked": false,
          "isIncluded": true,
          "onChange": [Function],
          "version": 6,
        },
        "ref": null,
        "rendered": null,
        "type": [Function],
      },
      Object {
        "instance": null,
        "key": "58",
        "nodeType": "function",
        "props": Object {
          "browser": "firefox-5",
          "defaultChecked": false,
          "isIncluded": true,
          "onChange": [Function],
          "version": 5,
        },
        "ref": null,
        "rendered": null,
        "type": [Function],
      },
      Object {
        "instance": null,
        "key": "59",
        "nodeType": "function",
        "props": Object {
          "browser": "firefox-4",
          "defaultChecked": false,
          "isIncluded": true,
          "onChange": [Function],
          "version": 4,
        },
        "ref": null,
        "rendered": null,
        "type": [Function],
      },
      Object {
        "instance": null,
        "key": "60",
        "nodeType": "function",
        "props": Object {
          "browser": "firefox-3.6",
          "defaultChecked": false,
          "isIncluded": true,
          "onChange": [Function],
          "version": 3,
        },
        "ref": null,
        "rendered": null,
        "type": [Function],
      },
      Object {
        "instance": null,
        "key": "61",
        "nodeType": "function",
        "props": Object {
          "browser": "firefox-3.5",
          "defaultChecked": false,
          "isIncluded": true,
          "onChange": [Function],
          "version": 3,
        },
        "ref": null,
        "rendered": null,
        "type": [Function],
      },
      Object {
        "instance": null,
        "key": "62",
        "nodeType": "function",
        "props": Object {
          "browser": "firefox-3",
          "defaultChecked": false,
          "isIncluded": true,
          "onChange": [Function],
          "version": 3,
        },
        "ref": null,
        "rendered": null,
        "type": [Function],
      },
      Object {
        "instance": null,
        "key": "63",
        "nodeType": "function",
        "props": Object {
          "browser": "firefox-2",
          "defaultChecked": false,
          "isIncluded": true,
          "onChange": [Function],
          "version": 2,
        },
        "ref": null,
        "rendered": null,
        "type": [Function],
      },
    ],
    "type": [Function],
  },
  Symbol(enzyme.__nodes__): Array [
    Object {
      "instance": null,
      "key": undefined,
      "nodeType": "class",
      "props": Object {
        "children": Array [
          <VersionChip
            browser="firefox-63"
            defaultChecked={false}
            isIncluded={true}
            onChange={[Function]}
            version={63}
          />,
          <VersionChip
            browser="firefox-62"
            defaultChecked={false}
            isIncluded={true}
            onChange={[Function]}
            version={62}
          />,
          <VersionChip
            browser="firefox-61"
            defaultChecked={false}
            isIncluded={true}
            onChange={[Function]}
            version={61}
          />,
          <VersionChip
            browser="firefox-60"
            defaultChecked={false}
            isIncluded={true}
            onChange={[Function]}
            version={60}
          />,
          <VersionChip
            browser="firefox-59"
            defaultChecked={false}
            isIncluded={true}
            onChange={[Function]}
            version={59}
          />,
          <VersionChip
            browser="firefox-58"
            defaultChecked={false}
            isIncluded={true}
            onChange={[Function]}
            version={58}
          />,
          <VersionChip
            browser="firefox-57"
            defaultChecked={false}
            isIncluded={true}
            onChange={[Function]}
            version={57}
          />,
          <VersionChip
            browser="firefox-56"
            defaultChecked={false}
            isIncluded={true}
            onChange={[Function]}
            version={56}
          />,
          <VersionChip
            browser="firefox-55"
            defaultChecked={false}
            isIncluded={true}
            onChange={[Function]}
            version={55}
          />,
          <VersionChip
            browser="firefox-54"
            defaultChecked={false}
            isIncluded={true}
            onChange={[Function]}
            version={54}
          />,
          <VersionChip
            browser="firefox-53"
            defaultChecked={false}
            isIncluded={true}
            onChange={[Function]}
            version={53}
          />,
          <VersionChip
            browser="firefox-52"
            defaultChecked={false}
            isIncluded={true}
            onChange={[Function]}
            version={52}
          />,
          <VersionChip
            browser="firefox-51"
            defaultChecked={false}
            isIncluded={true}
            onChange={[Function]}
            version={51}
          />,
          <VersionChip
            browser="firefox-50"
            defaultChecked={false}
            isIncluded={true}
            onChange={[Function]}
            version={50}
          />,
          <VersionChip
            browser="firefox-49"
            defaultChecked={false}
            isIncluded={true}
            onChange={[Function]}
            version={49}
          />,
          <VersionChip
            browser="firefox-48"
            defaultChecked={false}
            isIncluded={true}
            onChange={[Function]}
            version={48}
          />,
          <VersionChip
            browser="firefox-47"
            defaultChecked={false}
            isIncluded={true}
            onChange={[Function]}
            version={47}
          />,
          <VersionChip
            browser="firefox-46"
            defaultChecked={false}
            isIncluded={true}
            onChange={[Function]}
            version={46}
          />,
          <VersionChip
            browser="firefox-45"
            defaultChecked={false}
            isIncluded={true}
            onChange={[Function]}
            version={45}
          />,
          <VersionChip
            browser="firefox-44"
            defaultChecked={false}
            isIncluded={true}
            onChange={[Function]}
            version={44}
          />,
          <VersionChip
            browser="firefox-43"
            defaultChecked={false}
            isIncluded={true}
            onChange={[Function]}
            version={43}
          />,
          <VersionChip
            browser="firefox-42"
            defaultChecked={false}
            isIncluded={true}
            onChange={[Function]}
            version={42}
          />,
          <VersionChip
            browser="firefox-41"
            defaultChecked={false}
            isIncluded={true}
            onChange={[Function]}
            version={41}
          />,
          <VersionChip
            browser="firefox-40"
            defaultChecked={false}
            isIncluded={true}
            onChange={[Function]}
            version={40}
          />,
          <VersionChip
            browser="firefox-39"
            defaultChecked={false}
            isIncluded={true}
            onChange={[Function]}
            version={39}
          />,
          <VersionChip
            browser="firefox-38"
            defaultChecked={false}
            isIncluded={true}
            onChange={[Function]}
            version={38}
          />,
          <VersionChip
            browser="firefox-37"
            defaultChecked={false}
            isIncluded={true}
            onChange={[Function]}
            version={37}
          />,
          <VersionChip
            browser="firefox-36"
            defaultChecked={false}
            isIncluded={true}
            onChange={[Function]}
            version={36}
          />,
          <VersionChip
            browser="firefox-35"
            defaultChecked={false}
            isIncluded={true}
            onChange={[Function]}
            version={35}
          />,
          <VersionChip
            browser="firefox-34"
            defaultChecked={false}
            isIncluded={true}
            onChange={[Function]}
            version={34}
          />,
          <VersionChip
            browser="firefox-33"
            defaultChecked={false}
            isIncluded={true}
            onChange={[Function]}
            version={33}
          />,
          <VersionChip
            browser="firefox-32"
            defaultChecked={false}
            isIncluded={true}
            onChange={[Function]}
            version={32}
          />,
          <VersionChip
            browser="firefox-31"
            defaultChecked={false}
            isIncluded={true}
            onChange={[Function]}
            version={31}
          />,
          <VersionChip
            browser="firefox-30"
            defaultChecked={false}
            isIncluded={true}
            onChange={[Function]}
            version={30}
          />,
          <VersionChip
            browser="firefox-29"
            defaultChecked={false}
            isIncluded={true}
            onChange={[Function]}
            version={29}
          />,
          <VersionChip
            browser="firefox-28"
            defaultChecked={false}
            isIncluded={true}
            onChange={[Function]}
            version={28}
          />,
          <VersionChip
            browser="firefox-27"
            defaultChecked={false}
            isIncluded={true}
            onChange={[Function]}
            version={27}
          />,
          <VersionChip
            browser="firefox-26"
            defaultChecked={false}
            isIncluded={true}
            onChange={[Function]}
            version={26}
          />,
          <VersionChip
            browser="firefox-25"
            defaultChecked={false}
            isIncluded={true}
            onChange={[Function]}
            version={25}
          />,
          <VersionChip
            browser="firefox-24"
            defaultChecked={false}
            isIncluded={true}
            onChange={[Function]}
            version={24}
          />,
          <VersionChip
            browser="firefox-23"
            defaultChecked={false}
            isIncluded={true}
            onChange={[Function]}
            version={23}
          />,
          <VersionChip
            browser="firefox-22"
            defaultChecked={false}
            isIncluded={true}
            onChange={[Function]}
            version={22}
          />,
          <VersionChip
            browser="firefox-21"
            defaultChecked={false}
            isIncluded={true}
            onChange={[Function]}
            version={21}
          />,
          <VersionChip
            browser="firefox-20"
            defaultChecked={false}
            isIncluded={true}
            onChange={[Function]}
            version={20}
          />,
          <VersionChip
            browser="firefox-19"
            defaultChecked={false}
            isIncluded={true}
            onChange={[Function]}
            version={19}
          />,
          <VersionChip
            browser="firefox-18"
            defaultChecked={false}
            isIncluded={true}
            onChange={[Function]}
            version={18}
          />,
          <VersionChip
            browser="firefox-17"
            defaultChecked={false}
            isIncluded={true}
            onChange={[Function]}
            version={17}
          />,
          <VersionChip
            browser="firefox-16"
            defaultChecked={false}
            isIncluded={true}
            onChange={[Function]}
            version={16}
          />,
          <VersionChip
            browser="firefox-15"
            defaultChecked={false}
            isIncluded={true}
            onChange={[Function]}
            version={15}
          />,
          <VersionChip
            browser="firefox-14"
            defaultChecked={false}
            isIncluded={true}
            onChange={[Function]}
            version={14}
          />,
          <VersionChip
            browser="firefox-13"
            defaultChecked={false}
            isIncluded={true}
            onChange={[Function]}
            version={13}
          />,
          <VersionChip
            browser="firefox-12"
            defaultChecked={false}
            isIncluded={true}
            onChange={[Function]}
            version={12}
          />,
          <VersionChip
            browser="firefox-11"
            defaultChecked={false}
            isIncluded={true}
            onChange={[Function]}
            version={11}
          />,
          <VersionChip
            browser="firefox-10"
            defaultChecked={false}
            isIncluded={true}
            onChange={[Function]}
            version={10}
          />,
          <VersionChip
            browser="firefox-9"
            defaultChecked={false}
            isIncluded={true}
            onChange={[Function]}
            version={9}
          />,
          <VersionChip
            browser="firefox-8"
            defaultChecked={false}
            isIncluded={true}
            onChange={[Function]}
            version={8}
          />,
          <VersionChip
            browser="firefox-7"
            defaultChecked={false}
            isIncluded={true}
            onChange={[Function]}
            version={7}
          />,
          <VersionChip
            browser="firefox-6"
            defaultChecked={false}
            isIncluded={true}
            onChange={[Function]}
            version={6}
          />,
          <VersionChip
            browser="firefox-5"
            defaultChecked={false}
            isIncluded={true}
            onChange={[Function]}
            version={5}
          />,
          <VersionChip
            browser="firefox-4"
            defaultChecked={false}
            isIncluded={true}
            onChange={[Function]}
            version={4}
          />,
          <VersionChip
            browser="firefox-3.6"
            defaultChecked={false}
            isIncluded={true}
            onChange={[Function]}
            version={3}
          />,
          <VersionChip
            browser="firefox-3.5"
            defaultChecked={false}
            isIncluded={true}
            onChange={[Function]}
            version={3}
          />,
          <VersionChip
            browser="firefox-3"
            defaultChecked={false}
            isIncluded={true}
            onChange={[Function]}
            version={3}
          />,
          <VersionChip
            browser="firefox-2"
            defaultChecked={false}
            isIncluded={true}
            onChange={[Function]}
            version={2}
          />,
        ],
      },
      "ref": null,
      "rendered": Array [
        Object {
          "instance": null,
          "key": "0",
          "nodeType": "function",
          "props": Object {
            "browser": "firefox-63",
            "defaultChecked": false,
            "isIncluded": true,
            "onChange": [Function],
            "version": 63,
          },
          "ref": null,
          "rendered": null,
          "type": [Function],
        },
        Object {
          "instance": null,
          "key": "1",
          "nodeType": "function",
          "props": Object {
            "browser": "firefox-62",
            "defaultChecked": false,
            "isIncluded": true,
            "onChange": [Function],
            "version": 62,
          },
          "ref": null,
          "rendered": null,
          "type": [Function],
        },
        Object {
          "instance": null,
          "key": "2",
          "nodeType": "function",
          "props": Object {
            "browser": "firefox-61",
            "defaultChecked": false,
            "isIncluded": true,
            "onChange": [Function],
            "version": 61,
          },
          "ref": null,
          "rendered": null,
          "type": [Function],
        },
        Object {
          "instance": null,
          "key": "3",
          "nodeType": "function",
          "props": Object {
            "browser": "firefox-60",
            "defaultChecked": false,
            "isIncluded": true,
            "onChange": [Function],
            "version": 60,
          },
          "ref": null,
          "rendered": null,
          "type": [Function],
        },
        Object {
          "instance": null,
          "key": "4",
          "nodeType": "function",
          "props": Object {
            "browser": "firefox-59",
            "defaultChecked": false,
            "isIncluded": true,
            "onChange": [Function],
            "version": 59,
          },
          "ref": null,
          "rendered": null,
          "type": [Function],
        },
        Object {
          "instance": null,
          "key": "5",
          "nodeType": "function",
          "props": Object {
            "browser": "firefox-58",
            "defaultChecked": false,
            "isIncluded": true,
            "onChange": [Function],
            "version": 58,
          },
          "ref": null,
          "rendered": null,
          "type": [Function],
        },
        Object {
          "instance": null,
          "key": "6",
          "nodeType": "function",
          "props": Object {
            "browser": "firefox-57",
            "defaultChecked": false,
            "isIncluded": true,
            "onChange": [Function],
            "version": 57,
          },
          "ref": null,
          "rendered": null,
          "type": [Function],
        },
        Object {
          "instance": null,
          "key": "7",
          "nodeType": "function",
          "props": Object {
            "browser": "firefox-56",
            "defaultChecked": false,
            "isIncluded": true,
            "onChange": [Function],
            "version": 56,
          },
          "ref": null,
          "rendered": null,
          "type": [Function],
        },
        Object {
          "instance": null,
          "key": "8",
          "nodeType": "function",
          "props": Object {
            "browser": "firefox-55",
            "defaultChecked": false,
            "isIncluded": true,
            "onChange": [Function],
            "version": 55,
          },
          "ref": null,
          "rendered": null,
          "type": [Function],
        },
        Object {
          "instance": null,
          "key": "9",
          "nodeType": "function",
          "props": Object {
            "browser": "firefox-54",
            "defaultChecked": false,
            "isIncluded": true,
            "onChange": [Function],
            "version": 54,
          },
          "ref": null,
          "rendered": null,
          "type": [Function],
        },
        Object {
          "instance": null,
          "key": "10",
          "nodeType": "function",
          "props": Object {
            "browser": "firefox-53",
            "defaultChecked": false,
            "isIncluded": true,
            "onChange": [Function],
            "version": 53,
          },
          "ref": null,
          "rendered": null,
          "type": [Function],
        },
        Object {
          "instance": null,
          "key": "11",
          "nodeType": "function",
          "props": Object {
            "browser": "firefox-52",
            "defaultChecked": false,
            "isIncluded": true,
            "onChange": [Function],
            "version": 52,
          },
          "ref": null,
          "rendered": null,
          "type": [Function],
        },
        Object {
          "instance": null,
          "key": "12",
          "nodeType": "function",
          "props": Object {
            "browser": "firefox-51",
            "defaultChecked": false,
            "isIncluded": true,
            "onChange": [Function],
            "version": 51,
          },
          "ref": null,
          "rendered": null,
          "type": [Function],
        },
        Object {
          "instance": null,
          "key": "13",
          "nodeType": "function",
          "props": Object {
            "browser": "firefox-50",
            "defaultChecked": false,
            "isIncluded": true,
            "onChange": [Function],
            "version": 50,
          },
          "ref": null,
          "rendered": null,
          "type": [Function],
        },
        Object {
          "instance": null,
          "key": "14",
          "nodeType": "function",
          "props": Object {
            "browser": "firefox-49",
            "defaultChecked": false,
            "isIncluded": true,
            "onChange": [Function],
            "version": 49,
          },
          "ref": null,
          "rendered": null,
          "type": [Function],
        },
        Object {
          "instance": null,
          "key": "15",
          "nodeType": "function",
          "props": Object {
            "browser": "firefox-48",
            "defaultChecked": false,
            "isIncluded": true,
            "onChange": [Function],
            "version": 48,
          },
          "ref": null,
          "rendered": null,
          "type": [Function],
        },
        Object {
          "instance": null,
          "key": "16",
          "nodeType": "function",
          "props": Object {
            "browser": "firefox-47",
            "defaultChecked": false,
            "isIncluded": true,
            "onChange": [Function],
            "version": 47,
          },
          "ref": null,
          "rendered": null,
          "type": [Function],
        },
        Object {
          "instance": null,
          "key": "17",
          "nodeType": "function",
          "props": Object {
            "browser": "firefox-46",
            "defaultChecked": false,
            "isIncluded": true,
            "onChange": [Function],
            "version": 46,
          },
          "ref": null,
          "rendered": null,
          "type": [Function],
        },
        Object {
          "instance": null,
          "key": "18",
          "nodeType": "function",
          "props": Object {
            "browser": "firefox-45",
            "defaultChecked": false,
            "isIncluded": true,
            "onChange": [Function],
            "version": 45,
          },
          "ref": null,
          "rendered": null,
          "type": [Function],
        },
        Object {
          "instance": null,
          "key": "19",
          "nodeType": "function",
          "props": Object {
            "browser": "firefox-44",
            "defaultChecked": false,
            "isIncluded": true,
            "onChange": [Function],
            "version": 44,
          },
          "ref": null,
          "rendered": null,
          "type": [Function],
        },
        Object {
          "instance": null,
          "key": "20",
          "nodeType": "function",
          "props": Object {
            "browser": "firefox-43",
            "defaultChecked": false,
            "isIncluded": true,
            "onChange": [Function],
            "version": 43,
          },
          "ref": null,
          "rendered": null,
          "type": [Function],
        },
        Object {
          "instance": null,
          "key": "21",
          "nodeType": "function",
          "props": Object {
            "browser": "firefox-42",
            "defaultChecked": false,
            "isIncluded": true,
            "onChange": [Function],
            "version": 42,
          },
          "ref": null,
          "rendered": null,
          "type": [Function],
        },
        Object {
          "instance": null,
          "key": "22",
          "nodeType": "function",
          "props": Object {
            "browser": "firefox-41",
            "defaultChecked": false,
            "isIncluded": true,
            "onChange": [Function],
            "version": 41,
          },
          "ref": null,
          "rendered": null,
          "type": [Function],
        },
        Object {
          "instance": null,
          "key": "23",
          "nodeType": "function",
          "props": Object {
            "browser": "firefox-40",
            "defaultChecked": false,
            "isIncluded": true,
            "onChange": [Function],
            "version": 40,
          },
          "ref": null,
          "rendered": null,
          "type": [Function],
        },
        Object {
          "instance": null,
          "key": "24",
          "nodeType": "function",
          "props": Object {
            "browser": "firefox-39",
            "defaultChecked": false,
            "isIncluded": true,
            "onChange": [Function],
            "version": 39,
          },
          "ref": null,
          "rendered": null,
          "type": [Function],
        },
        Object {
          "instance": null,
          "key": "25",
          "nodeType": "function",
          "props": Object {
            "browser": "firefox-38",
            "defaultChecked": false,
            "isIncluded": true,
            "onChange": [Function],
            "version": 38,
          },
          "ref": null,
          "rendered": null,
          "type": [Function],
        },
        Object {
          "instance": null,
          "key": "26",
          "nodeType": "function",
          "props": Object {
            "browser": "firefox-37",
            "defaultChecked": false,
            "isIncluded": true,
            "onChange": [Function],
            "version": 37,
          },
          "ref": null,
          "rendered": null,
          "type": [Function],
        },
        Object {
          "instance": null,
          "key": "27",
          "nodeType": "function",
          "props": Object {
            "browser": "firefox-36",
            "defaultChecked": false,
            "isIncluded": true,
            "onChange": [Function],
            "version": 36,
          },
          "ref": null,
          "rendered": null,
          "type": [Function],
        },
        Object {
          "instance": null,
          "key": "28",
          "nodeType": "function",
          "props": Object {
            "browser": "firefox-35",
            "defaultChecked": false,
            "isIncluded": true,
            "onChange": [Function],
            "version": 35,
          },
          "ref": null,
          "rendered": null,
          "type": [Function],
        },
        Object {
          "instance": null,
          "key": "29",
          "nodeType": "function",
          "props": Object {
            "browser": "firefox-34",
            "defaultChecked": false,
            "isIncluded": true,
            "onChange": [Function],
            "version": 34,
          },
          "ref": null,
          "rendered": null,
          "type": [Function],
        },
        Object {
          "instance": null,
          "key": "30",
          "nodeType": "function",
          "props": Object {
            "browser": "firefox-33",
            "defaultChecked": false,
            "isIncluded": true,
            "onChange": [Function],
            "version": 33,
          },
          "ref": null,
          "rendered": null,
          "type": [Function],
        },
        Object {
          "instance": null,
          "key": "31",
          "nodeType": "function",
          "props": Object {
            "browser": "firefox-32",
            "defaultChecked": false,
            "isIncluded": true,
            "onChange": [Function],
            "version": 32,
          },
          "ref": null,
          "rendered": null,
          "type": [Function],
        },
        Object {
          "instance": null,
          "key": "32",
          "nodeType": "function",
          "props": Object {
            "browser": "firefox-31",
            "defaultChecked": false,
            "isIncluded": true,
            "onChange": [Function],
            "version": 31,
          },
          "ref": null,
          "rendered": null,
          "type": [Function],
        },
        Object {
          "instance": null,
          "key": "33",
          "nodeType": "function",
          "props": Object {
            "browser": "firefox-30",
            "defaultChecked": false,
            "isIncluded": true,
            "onChange": [Function],
            "version": 30,
          },
          "ref": null,
          "rendered": null,
          "type": [Function],
        },
        Object {
          "instance": null,
          "key": "34",
          "nodeType": "function",
          "props": Object {
            "browser": "firefox-29",
            "defaultChecked": false,
            "isIncluded": true,
            "onChange": [Function],
            "version": 29,
          },
          "ref": null,
          "rendered": null,
          "type": [Function],
        },
        Object {
          "instance": null,
          "key": "35",
          "nodeType": "function",
          "props": Object {
            "browser": "firefox-28",
            "defaultChecked": false,
            "isIncluded": true,
            "onChange": [Function],
            "version": 28,
          },
          "ref": null,
          "rendered": null,
          "type": [Function],
        },
        Object {
          "instance": null,
          "key": "36",
          "nodeType": "function",
          "props": Object {
            "browser": "firefox-27",
            "defaultChecked": false,
            "isIncluded": true,
            "onChange": [Function],
            "version": 27,
          },
          "ref": null,
          "rendered": null,
          "type": [Function],
        },
        Object {
          "instance": null,
          "key": "37",
          "nodeType": "function",
          "props": Object {
            "browser": "firefox-26",
            "defaultChecked": false,
            "isIncluded": true,
            "onChange": [Function],
            "version": 26,
          },
          "ref": null,
          "rendered": null,
          "type": [Function],
        },
        Object {
          "instance": null,
          "key": "38",
          "nodeType": "function",
          "props": Object {
            "browser": "firefox-25",
            "defaultChecked": false,
            "isIncluded": true,
            "onChange": [Function],
            "version": 25,
          },
          "ref": null,
          "rendered": null,
          "type": [Function],
        },
        Object {
          "instance": null,
          "key": "39",
          "nodeType": "function",
          "props": Object {
            "browser": "firefox-24",
            "defaultChecked": false,
            "isIncluded": true,
            "onChange": [Function],
            "version": 24,
          },
          "ref": null,
          "rendered": null,
          "type": [Function],
        },
        Object {
          "instance": null,
          "key": "40",
          "nodeType": "function",
          "props": Object {
            "browser": "firefox-23",
            "defaultChecked": false,
            "isIncluded": true,
            "onChange": [Function],
            "version": 23,
          },
          "ref": null,
          "rendered": null,
          "type": [Function],
        },
        Object {
          "instance": null,
          "key": "41",
          "nodeType": "function",
          "props": Object {
            "browser": "firefox-22",
            "defaultChecked": false,
            "isIncluded": true,
            "onChange": [Function],
            "version": 22,
          },
          "ref": null,
          "rendered": null,
          "type": [Function],
        },
        Object {
          "instance": null,
          "key": "42",
          "nodeType": "function",
          "props": Object {
            "browser": "firefox-21",
            "defaultChecked": false,
            "isIncluded": true,
            "onChange": [Function],
            "version": 21,
          },
          "ref": null,
          "rendered": null,
          "type": [Function],
        },
        Object {
          "instance": null,
          "key": "43",
          "nodeType": "function",
          "props": Object {
            "browser": "firefox-20",
            "defaultChecked": false,
            "isIncluded": true,
            "onChange": [Function],
            "version": 20,
          },
          "ref": null,
          "rendered": null,
          "type": [Function],
        },
        Object {
          "instance": null,
          "key": "44",
          "nodeType": "function",
          "props": Object {
            "browser": "firefox-19",
            "defaultChecked": false,
            "isIncluded": true,
            "onChange": [Function],
            "version": 19,
          },
          "ref": null,
          "rendered": null,
          "type": [Function],
        },
        Object {
          "instance": null,
          "key": "45",
          "nodeType": "function",
          "props": Object {
            "browser": "firefox-18",
            "defaultChecked": false,
            "isIncluded": true,
            "onChange": [Function],
            "version": 18,
          },
          "ref": null,
          "rendered": null,
          "type": [Function],
        },
        Object {
          "instance": null,
          "key": "46",
          "nodeType": "function",
          "props": Object {
            "browser": "firefox-17",
            "defaultChecked": false,
            "isIncluded": true,
            "onChange": [Function],
            "version": 17,
          },
          "ref": null,
          "rendered": null,
          "type": [Function],
        },
        Object {
          "instance": null,
          "key": "47",
          "nodeType": "function",
          "props": Object {
            "browser": "firefox-16",
            "defaultChecked": false,
            "isIncluded": true,
            "onChange": [Function],
            "version": 16,
          },
          "ref": null,
          "rendered": null,
          "type": [Function],
        },
        Object {
          "instance": null,
          "key": "48",
          "nodeType": "function",
          "props": Object {
            "browser": "firefox-15",
            "defaultChecked": false,
            "isIncluded": true,
            "onChange": [Function],
            "version": 15,
          },
          "ref": null,
          "rendered": null,
          "type": [Function],
        },
        Object {
          "instance": null,
          "key": "49",
          "nodeType": "function",
          "props": Object {
            "browser": "firefox-14",
            "defaultChecked": false,
            "isIncluded": true,
            "onChange": [Function],
            "version": 14,
          },
          "ref": null,
          "rendered": null,
          "type": [Function],
        },
        Object {
          "instance": null,
          "key": "50",
          "nodeType": "function",
          "props": Object {
            "browser": "firefox-13",
            "defaultChecked": false,
            "isIncluded": true,
            "onChange": [Function],
            "version": 13,
          },
          "ref": null,
          "rendered": null,
          "type": [Function],
        },
        Object {
          "instance": null,
          "key": "51",
          "nodeType": "function",
          "props": Object {
            "browser": "firefox-12",
            "defaultChecked": false,
            "isIncluded": true,
            "onChange": [Function],
            "version": 12,
          },
          "ref": null,
          "rendered": null,
          "type": [Function],
        },
        Object {
          "instance": null,
          "key": "52",
          "nodeType": "function",
          "props": Object {
            "browser": "firefox-11",
            "defaultChecked": false,
            "isIncluded": true,
            "onChange": [Function],
            "version": 11,
          },
          "ref": null,
          "rendered": null,
          "type": [Function],
        },
        Object {
          "instance": null,
          "key": "53",
          "nodeType": "function",
          "props": Object {
            "browser": "firefox-10",
            "defaultChecked": false,
            "isIncluded": true,
            "onChange": [Function],
            "version": 10,
          },
          "ref": null,
          "rendered": null,
          "type": [Function],
        },
        Object {
          "instance": null,
          "key": "54",
          "nodeType": "function",
          "props": Object {
            "browser": "firefox-9",
            "defaultChecked": false,
            "isIncluded": true,
            "onChange": [Function],
            "version": 9,
          },
          "ref": null,
          "rendered": null,
          "type": [Function],
        },
        Object {
          "instance": null,
          "key": "55",
          "nodeType": "function",
          "props": Object {
            "browser": "firefox-8",
            "defaultChecked": false,
            "isIncluded": true,
            "onChange": [Function],
            "version": 8,
          },
          "ref": null,
          "rendered": null,
          "type": [Function],
        },
        Object {
          "instance": null,
          "key": "56",
          "nodeType": "function",
          "props": Object {
            "browser": "firefox-7",
            "defaultChecked": false,
            "isIncluded": true,
            "onChange": [Function],
            "version": 7,
          },
          "ref": null,
          "rendered": null,
          "type": [Function],
        },
        Object {
          "instance": null,
          "key": "57",
          "nodeType": "function",
          "props": Object {
            "browser": "firefox-6",
            "defaultChecked": false,
            "isIncluded": true,
            "onChange": [Function],
            "version": 6,
          },
          "ref": null,
          "rendered": null,
          "type": [Function],
        },
        Object {
          "instance": null,
          "key": "58",
          "nodeType": "function",
          "props": Object {
            "browser": "firefox-5",
            "defaultChecked": false,
            "isIncluded": true,
            "onChange": [Function],
            "version": 5,
          },
          "ref": null,
          "rendered": null,
          "type": [Function],
        },
        Object {
          "instance": null,
          "key": "59",
          "nodeType": "function",
          "props": Object {
            "browser": "firefox-4",
            "defaultChecked": false,
            "isIncluded": true,
            "onChange": [Function],
            "version": 4,
          },
          "ref": null,
          "rendered": null,
          "type": [Function],
        },
        Object {
          "instance": null,
          "key": "60",
          "nodeType": "function",
          "props": Object {
            "browser": "firefox-3.6",
            "defaultChecked": false,
            "isIncluded": true,
            "onChange": [Function],
            "version": 3,
          },
          "ref": null,
          "rendered": null,
          "type": [Function],
        },
        Object {
          "instance": null,
          "key": "61",
          "nodeType": "function",
          "props": Object {
            "browser": "firefox-3.5",
            "defaultChecked": false,
            "isIncluded": true,
            "onChange": [Function],
            "version": 3,
          },
          "ref": null,
          "rendered": null,
          "type": [Function],
        },
        Object {
          "instance": null,
          "key": "62",
          "nodeType": "function",
          "props": Object {
            "browser": "firefox-3",
            "defaultChecked": false,
            "isIncluded": true,
            "onChange": [Function],
            "version": 3,
          },
          "ref": null,
          "rendered": null,
          "type": [Function],
        },
        Object {
          "instance": null,
          "key": "63",
          "nodeType": "function",
          "props": Object {
            "browser": "firefox-2",
            "defaultChecked": false,
            "isIncluded": true,
            "onChange": [Function],
            "version": 2,
          },
          "ref": null,
          "rendered": null,
          "type": [Function],
        },
      ],
      "type": [Function],
    },
  ],
  Symbol(enzyme.__options__): Object {
    "adapter": ReactSixteenAdapter {
      "options": Object {
        "enableComponentDidUpdateOnSetState": true,
        "lifecycles": Object {
          "componentDidUpdate": Object {
            "onSetState": true,
          },
          "getDerivedStateFromProps": true,
          "getSnapshotBeforeUpdate": true,
          "setState": Object {
            "skipsComponentDidUpdateOnNullish": true,
          },
        },
      },
    },
    "attachTo": undefined,
    "hydrateIn": undefined,
  },
}
`;
