// Jest Snapshot v1, https://goo.gl/fbAQLP

exports[`<VersionGrid /> renders correctly 1`] = `
ShallowWrapper {
  Symbol(enzyme.__root__): [Circular],
  Symbol(enzyme.__unrendered__): <VersionGrid
    data={
      Object {
        "defaultChecked": true,
        "friendlyName": "Chrome (Android)",
        "logo": "chrome-for-android",
        "name": "and_chr",
        "percent": undefined,
        "platform": "mobile",
        "versions": Array [
          Object {
            "defaultChecked": false,
            "id": "69",
            "isIncluded": false,
          },
        ],
      }
    }
    onClick={[Function]}
  />,
  Symbol(enzyme.__renderer__): Object {
    "batchedUpdates": [Function],
    "getNode": [Function],
    "render": [Function],
    "simulateError": [Function],
    "simulateEvent": [Function],
    "unmount": [Function],
  },
  Symbol(enzyme.__node__): Object {
    "instance": null,
    "key": undefined,
    "nodeType": "class",
    "props": Object {
      "children": Array [
        <VersionChip
          browser="and_chr-69"
          defaultChecked={false}
          isIncluded={false}
          onChange={[Function]}
          version={69}
        />,
      ],
    },
    "ref": null,
    "rendered": Array [
      Object {
        "instance": null,
        "key": "0",
        "nodeType": "function",
        "props": Object {
          "browser": "and_chr-69",
          "defaultChecked": false,
          "isIncluded": false,
          "onChange": [Function],
          "version": 69,
        },
        "ref": null,
        "rendered": null,
        "type": [Function],
      },
    ],
    "type": [Function],
  },
  Symbol(enzyme.__nodes__): Array [
    Object {
      "instance": null,
      "key": undefined,
      "nodeType": "class",
      "props": Object {
        "children": Array [
          <VersionChip
            browser="and_chr-69"
            defaultChecked={false}
            isIncluded={false}
            onChange={[Function]}
            version={69}
          />,
        ],
      },
      "ref": null,
      "rendered": Array [
        Object {
          "instance": null,
          "key": "0",
          "nodeType": "function",
          "props": Object {
            "browser": "and_chr-69",
            "defaultChecked": false,
            "isIncluded": false,
            "onChange": [Function],
            "version": 69,
          },
          "ref": null,
          "rendered": null,
          "type": [Function],
        },
      ],
      "type": [Function],
    },
  ],
  Symbol(enzyme.__options__): Object {
    "adapter": ReactSixteenAdapter {
      "options": Object {
        "enableComponentDidUpdateOnSetState": true,
        "lifecycles": Object {
          "componentDidUpdate": Object {
            "onSetState": true,
          },
          "getDerivedStateFromProps": true,
          "getSnapshotBeforeUpdate": true,
          "setState": Object {
            "skipsComponentDidUpdateOnNullish": true,
          },
        },
      },
    },
    "attachTo": undefined,
    "hydrateIn": undefined,
  },
}
`;
